current directory: /home/gabrieldebug/Documentos/Rails Projeto/Projeto-Rails/vendor/bundle/ruby/3.4.0/gems/ed25519-1.4.0/ext/ed25519_ref10
/usr/bin/ruby extconf.rb
checking for whether -Wall is accepted as CFLAGS... yes
checking for whether -O3 is accepted as CFLAGS... yes
checking for whether -pedantic is accepted as CFLAGS... yes
checking for whether -std=c99 is accepted as CFLAGS... no
creating Makefile

current directory: /home/gabrieldebug/Documentos/Rails Projeto/Projeto-Rails/vendor/bundle/ruby/3.4.0/gems/ed25519-1.4.0/ext/ed25519_ref10
make DESTDIR\= sitearchdir\=./.gem.20260508-155722-w4f30q sitelibdir\=./.gem.20260508-155722-w4f30q clean

current directory: /home/gabrieldebug/Documentos/Rails Projeto/Projeto-Rails/vendor/bundle/ruby/3.4.0/gems/ed25519-1.4.0/ext/ed25519_ref10
make DESTDIR\= sitearchdir\=./.gem.20260508-155722-w4f30q sitelibdir\=./.gem.20260508-155722-w4f30q
compiling ed25519_ref10.c
compiling fe.c
compiling ge.c
compiling keypair.c
compiling open.c
compiling sc_muladd.c
compiling sc_reduce.c
compiling sha512.c
compiling sign.c
compiling verify.c
linking shared-object ed25519_ref10.so

current directory: /home/gabrieldebug/Documentos/Rails Projeto/Projeto-Rails/vendor/bundle/ruby/3.4.0/gems/ed25519-1.4.0/ext/ed25519_ref10
make DESTDIR\= sitearchdir\=./.gem.20260508-155722-w4f30q sitelibdir\=./.gem.20260508-155722-w4f30q install
/usr/bin/install -c -m 0755 ed25519_ref10.so ./.gem.20260508-155722-w4f30q

current directory: /home/gabrieldebug/Documentos/Rails Projeto/Projeto-Rails/vendor/bundle/ruby/3.4.0/gems/ed25519-1.4.0/ext/ed25519_ref10
make DESTDIR\= sitearchdir\=./.gem.20260508-155722-w4f30q sitelibdir\=./.gem.20260508-155722-w4f30q clean
